[22-Mar-2026 08:14:39 UTC] PHP Fatal error:  Uncaught Error: Call to undefined method ED_CPT::register_fase5_types() in /Users/joanraez/Local Sites/escolesesportivesondara/app/public/wp-content/plugins/escuela-deportiva-core/includes/class-cpt.php:27
Stack trace:
#0 /Users/joanraez/Local Sites/escolesesportivesondara/app/public/wp-includes/class-wp-hook.php(341): ED_CPT->register_post_types('')
#1 /Users/joanraez/Local Sites/escolesesportivesondara/app/public/wp-includes/class-wp-hook.php(365): WP_Hook->apply_filters(NULL, Array)
#2 /Users/joanraez/Local Sites/escolesesportivesondara/app/public/wp-includes/plugin.php(522): WP_Hook->do_action(Array)
#3 /Users/joanraez/Local Sites/escolesesportivesondara/app/public/wp-settings.php(742): do_action('init')
#4 /Users/joanraez/Local Sites/escolesesportivesondara/app/public/wp-config.php(128): require_once('/Users/joanraez...')
#5 /Users/joanraez/Local Sites/escolesesportivesondara/app/public/wp-load.php(50): require_once('/Users/joanraez...')
#6 /Users/joanraez/Local Sites/escolesesportivesondara/app/public/wp-blog-header.php(13): require_once('/Users/joanraez...')
#7 /Users/joanraez/Local Sites/escolesesportivesondara/app/public/index.php(17): require('/Users/joanraez...')
#8 {main}
  thrown in /Users/joanraez/Local Sites/escolesesportivesondara/app/public/wp-content/plugins/escuela-deportiva-core/includes/class-cpt.php on line 27
[22-Mar-2026 08:14:39 UTC] PHP Fatal error:  Uncaught Error: Call to undefined method ED_CPT::register_fase5_types() in /Users/joanraez/Local Sites/escolesesportivesondara/app/public/wp-content/plugins/escuela-deportiva-core/includes/class-cpt.php:27
Stack trace:
#0 /Users/joanraez/Local Sites/escolesesportivesondara/app/public/wp-includes/class-wp-hook.php(341): ED_CPT->register_post_types('')
#1 /Users/joanraez/Local Sites/escolesesportivesondara/app/public/wp-includes/class-wp-hook.php(365): WP_Hook->apply_filters(NULL, Array)
#2 /Users/joanraez/Local Sites/escolesesportivesondara/app/public/wp-includes/plugin.php(522): WP_Hook->do_action(Array)
#3 /Users/joanraez/Local Sites/escolesesportivesondara/app/public/wp-settings.php(742): do_action('init')
#4 /Users/joanraez/Local Sites/escolesesportivesondara/app/public/wp-config.php(128): require_once('/Users/joanraez...')
#5 /Users/joanraez/Local Sites/escolesesportivesondara/app/public/wp-load.php(50): require_once('/Users/joanraez...')
#6 /Users/joanraez/Local Sites/escolesesportivesondara/app/public/wp-blog-header.php(13): require_once('/Users/joanraez...')
#7 /Users/joanraez/Local Sites/escolesesportivesondara/app/public/index.php(17): require('/Users/joanraez...')
#8 {main}
  thrown in /Users/joanraez/Local Sites/escolesesportivesondara/app/public/wp-content/plugins/escuela-deportiva-core/includes/class-cpt.php on line 27
[22-Mar-2026 16:34:42 UTC] PHP Parse error:  syntax error, unexpected token ":", expecting ")" in /Users/joanraez/Local Sites/escolesesportivesondara/app/public/wp-content/plugins/escuela-deportiva-core/includes/class-nucleo-repository.php on line 52
[22-Mar-2026 16:34:44 UTC] PHP Parse error:  syntax error, unexpected token ":", expecting ")" in /Users/joanraez/Local Sites/escolesesportivesondara/app/public/wp-content/plugins/escuela-deportiva-core/includes/class-nucleo-repository.php on line 52
[22-Mar-2026 16:34:44 UTC] PHP Parse error:  syntax error, unexpected token ":", expecting ")" in /Users/joanraez/Local Sites/escolesesportivesondara/app/public/wp-content/plugins/escuela-deportiva-core/includes/class-nucleo-repository.php on line 52
[22-Mar-2026 16:37:41 UTC] PHP Parse error:  syntax error, unexpected token ":", expecting ")" in /Users/joanraez/Local Sites/escolesesportivesondara/app/public/wp-content/plugins/escuela-deportiva-core/includes/class-nucleo-repository.php on line 52
[22-Mar-2026 16:37:41 UTC] PHP Parse error:  syntax error, unexpected token ":", expecting ")" in /Users/joanraez/Local Sites/escolesesportivesondara/app/public/wp-content/plugins/escuela-deportiva-core/includes/class-nucleo-repository.php on line 52
[22-Mar-2026 16:37:58 UTC] PHP Parse error:  syntax error, unexpected token ":", expecting ")" in /Users/joanraez/Local Sites/escolesesportivesondara/app/public/wp-content/plugins/escuela-deportiva-core/includes/class-nucleo-repository.php on line 52
[22-Mar-2026 16:37:58 UTC] PHP Parse error:  syntax error, unexpected token ":", expecting ")" in /Users/joanraez/Local Sites/escolesesportivesondara/app/public/wp-content/plugins/escuela-deportiva-core/includes/class-nucleo-repository.php on line 52
[26-Mar-2026 09:06:45 UTC] PHP Fatal error:  Uncaught Error: Call to undefined method ED_Torneos::generar_cuadro() in C:\Users\cuchi\Local Sites\deportpress\app\public\test-e2e.php:57
Stack trace:
#0 {main}
  thrown in C:\Users\cuchi\Local Sites\deportpress\app\public\test-e2e.php on line 57
[26-Mar-2026 09:06:46 UTC] PHP Fatal error:  Uncaught Error: Call to undefined method ED_Torneos::generar_cuadro() in C:\Users\cuchi\Local Sites\deportpress\app\public\test-e2e.php:57
Stack trace:
#0 {main}
  thrown in C:\Users\cuchi\Local Sites\deportpress\app\public\test-e2e.php on line 57
[26-Mar-2026 09:07:05 UTC] PHP Fatal error:  Uncaught Error: Call to undefined method ED_Torneos::generar_cuadro() in C:\Users\cuchi\Local Sites\deportpress\app\public\test-e2e.php:57
Stack trace:
#0 {main}
  thrown in C:\Users\cuchi\Local Sites\deportpress\app\public\test-e2e.php on line 57
[26-Mar-2026 09:08:06 UTC] PHP Warning:  Attempt to read property "feeds" on null in C:\Users\cuchi\Local Sites\deportpress\app\public\wp-includes\post.php on line 5495
[26-Mar-2026 09:08:06 UTC] PHP Fatal error:  Uncaught Error: Call to undefined function is_user_logged_in() in C:\Users\cuchi\Local Sites\deportpress\app\public\wp-includes\post.php:3373
Stack trace:
#0 C:\Users\cuchi\Local Sites\deportpress\app\public\wp-includes\post.php(7963): _count_posts_cache_key('deporte', 'readable')
#1 C:\Users\cuchi\Local Sites\deportpress\app\public\wp-includes\class-wp-hook.php(341): _transition_post_status('publish', 'new', Object(WP_Post))
#2 C:\Users\cuchi\Local Sites\deportpress\app\public\wp-includes\class-wp-hook.php(365): WP_Hook->apply_filters('', Array)
#3 C:\Users\cuchi\Local Sites\deportpress\app\public\wp-includes\plugin.php(522): WP_Hook->do_action(Array)
#4 C:\Users\cuchi\Local Sites\deportpress\app\public\wp-includes\post.php(5826): do_action('transition_post...', 'publish', 'new', Object(WP_Post))
#5 C:\Users\cuchi\Local Sites\deportpress\app\public\wp-includes\post.php(5084): wp_transition_post_status('publish', 'new', Object(WP_Post))
#6 C:\Users\cuchi\Local Sites\deportpress\app\public\wp-content\plugins\escuela-deportiva-core\test-e2e-logic.php(17): wp_insert_post(Array)
#7 C:\Users\cuchi\Local Sites\deportpress\app\public\wp-content\mu-plugins\test-e2e-router.php(3): include_once('C:\\Users\\cuchi\\...')
#8 C:\Users\cuchi\Local Sites\deportpress\app\public\wp-settings.php(471): include_once('C:\\Users\\cuchi\\...')
#9 C:\Users\cuchi\Local Sites\deportpress\app\public\wp-config.php(128): require_once('C:\\Users\\cuchi\\...')
#10 C:\Users\cuchi\Local Sites\deportpress\app\public\wp-load.php(50): require_once('C:\\Users\\cuchi\\...')
#11 C:\Users\cuchi\Local Sites\deportpress\app\public\wp-blog-header.php(13): require_once('C:\\Users\\cuchi\\...')
#12 C:\Users\cuchi\Local Sites\deportpress\app\public\index.php(17): require('C:\\Users\\cuchi\\...')
#13 {main}
  thrown in C:\Users\cuchi\Local Sites\deportpress\app\public\wp-includes\post.php on line 3373
[26-Mar-2026 09:08:06 UTC] PHP Warning:  Attempt to read property "feeds" on null in C:\Users\cuchi\Local Sites\deportpress\app\public\wp-includes\post.php on line 5495
[26-Mar-2026 09:08:06 UTC] PHP Fatal error:  Uncaught Error: Call to undefined function is_user_logged_in() in C:\Users\cuchi\Local Sites\deportpress\app\public\wp-includes\post.php:3373
Stack trace:
#0 C:\Users\cuchi\Local Sites\deportpress\app\public\wp-includes\post.php(7963): _count_posts_cache_key('deporte', 'readable')
#1 C:\Users\cuchi\Local Sites\deportpress\app\public\wp-includes\class-wp-hook.php(341): _transition_post_status('publish', 'new', Object(WP_Post))
#2 C:\Users\cuchi\Local Sites\deportpress\app\public\wp-includes\class-wp-hook.php(365): WP_Hook->apply_filters('', Array)
#3 C:\Users\cuchi\Local Sites\deportpress\app\public\wp-includes\plugin.php(522): WP_Hook->do_action(Array)
#4 C:\Users\cuchi\Local Sites\deportpress\app\public\wp-includes\post.php(5826): do_action('transition_post...', 'publish', 'new', Object(WP_Post))
#5 C:\Users\cuchi\Local Sites\deportpress\app\public\wp-includes\post.php(5084): wp_transition_post_status('publish', 'new', Object(WP_Post))
#6 C:\Users\cuchi\Local Sites\deportpress\app\public\wp-content\plugins\escuela-deportiva-core\test-e2e-logic.php(17): wp_insert_post(Array)
#7 C:\Users\cuchi\Local Sites\deportpress\app\public\wp-content\mu-plugins\test-e2e-router.php(3): include_once('C:\\Users\\cuchi\\...')
#8 C:\Users\cuchi\Local Sites\deportpress\app\public\wp-settings.php(471): include_once('C:\\Users\\cuchi\\...')
#9 C:\Users\cuchi\Local Sites\deportpress\app\public\wp-config.php(128): require_once('C:\\Users\\cuchi\\...')
#10 C:\Users\cuchi\Local Sites\deportpress\app\public\wp-load.php(50): require_once('C:\\Users\\cuchi\\...')
#11 C:\Users\cuchi\Local Sites\deportpress\app\public\wp-blog-header.php(13): require_once('C:\\Users\\cuchi\\...')
#12 C:\Users\cuchi\Local Sites\deportpress\app\public\index.php(17): require('C:\\Users\\cuchi\\...')
#13 {main}
  thrown in C:\Users\cuchi\Local Sites\deportpress\app\public\wp-includes\post.php on line 3373
[26-Mar-2026 09:08:37 UTC] PHP Fatal error:  Uncaught Error: Call to undefined method ED_Torneos::generar_cuadro() in C:\Users\cuchi\Local Sites\deportpress\app\public\wp-content\plugins\escuela-deportiva-core\test-e2e-logic.php:61
Stack trace:
#0 C:\Users\cuchi\Local Sites\deportpress\app\public\wp-content\mu-plugins\test-e2e-router.php(4): include_once()
#1 C:\Users\cuchi\Local Sites\deportpress\app\public\wp-includes\class-wp-hook.php(341): {closure}('')
#2 C:\Users\cuchi\Local Sites\deportpress\app\public\wp-includes\class-wp-hook.php(365): WP_Hook->apply_filters(NULL, Array)
#3 C:\Users\cuchi\Local Sites\deportpress\app\public\wp-includes\plugin.php(522): WP_Hook->do_action(Array)
#4 C:\Users\cuchi\Local Sites\deportpress\app\public\wp-settings.php(764): do_action('wp_loaded')
#5 C:\Users\cuchi\Local Sites\deportpress\app\public\wp-config.php(128): require_once('C:\\Users\\cuchi\\...')
#6 C:\Users\cuchi\Local Sites\deportpress\app\public\wp-load.php(50): require_once('C:\\Users\\cuchi\\...')
#7 C:\Users\cuchi\Local Sites\deportpress\app\public\wp-blog-header.php(13): require_once('C:\\Users\\cuchi\\...')
#8 C:\Users\cuchi\Local Sites\deportpress\app\public\index.php(17): require('C:\\Users\\cuchi\\...')
#9 {main}
  thrown in C:\Users\cuchi\Local Sites\deportpress\app\public\wp-content\plugins\escuela-deportiva-core\test-e2e-logic.php on line 61
[26-Mar-2026 09:08:38 UTC] PHP Fatal error:  Uncaught Error: Call to undefined method ED_Torneos::generar_cuadro() in C:\Users\cuchi\Local Sites\deportpress\app\public\wp-content\plugins\escuela-deportiva-core\test-e2e-logic.php:61
Stack trace:
#0 C:\Users\cuchi\Local Sites\deportpress\app\public\wp-content\mu-plugins\test-e2e-router.php(4): include_once()
#1 C:\Users\cuchi\Local Sites\deportpress\app\public\wp-includes\class-wp-hook.php(341): {closure}('')
#2 C:\Users\cuchi\Local Sites\deportpress\app\public\wp-includes\class-wp-hook.php(365): WP_Hook->apply_filters(NULL, Array)
#3 C:\Users\cuchi\Local Sites\deportpress\app\public\wp-includes\plugin.php(522): WP_Hook->do_action(Array)
#4 C:\Users\cuchi\Local Sites\deportpress\app\public\wp-settings.php(764): do_action('wp_loaded')
#5 C:\Users\cuchi\Local Sites\deportpress\app\public\wp-config.php(128): require_once('C:\\Users\\cuchi\\...')
#6 C:\Users\cuchi\Local Sites\deportpress\app\public\wp-load.php(50): require_once('C:\\Users\\cuchi\\...')
#7 C:\Users\cuchi\Local Sites\deportpress\app\public\wp-blog-header.php(13): require_once('C:\\Users\\cuchi\\...')
#8 C:\Users\cuchi\Local Sites\deportpress\app\public\index.php(17): require('C:\\Users\\cuchi\\...')
#9 {main}
  thrown in C:\Users\cuchi\Local Sites\deportpress\app\public\wp-content\plugins\escuela-deportiva-core\test-e2e-logic.php on line 61
[30-Mar-2026 07:36:33 UTC] PHP Fatal error:  Uncaught Error: Call to undefined function wp_delete_user() in C:\Users\cuchi\Local Sites\deportpress\app\public\wp-content\plugins\escuela-deportiva-core\test-e2e-dashboard-logic.php:99
Stack trace:
#0 C:\Users\cuchi\Local Sites\deportpress\app\public\wp-content\mu-plugins\test-e2e-dashboard-router.php(4): include_once()
#1 C:\Users\cuchi\Local Sites\deportpress\app\public\wp-includes\class-wp-hook.php(341): {closure}('')
#2 C:\Users\cuchi\Local Sites\deportpress\app\public\wp-includes\class-wp-hook.php(365): WP_Hook->apply_filters(NULL, Array)
#3 C:\Users\cuchi\Local Sites\deportpress\app\public\wp-includes\plugin.php(522): WP_Hook->do_action(Array)
#4 C:\Users\cuchi\Local Sites\deportpress\app\public\wp-settings.php(764): do_action('wp_loaded')
#5 C:\Users\cuchi\Local Sites\deportpress\app\public\wp-config.php(128): require_once('C:\\Users\\cuchi\\...')
#6 C:\Users\cuchi\Local Sites\deportpress\app\public\wp-load.php(50): require_once('C:\\Users\\cuchi\\...')
#7 C:\Users\cuchi\Local Sites\deportpress\app\public\wp-blog-header.php(13): require_once('C:\\Users\\cuchi\\...')
#8 C:\Users\cuchi\Local Sites\deportpress\app\public\index.php(17): require('C:\\Users\\cuchi\\...')
#9 {main}
  thrown in C:\Users\cuchi\Local Sites\deportpress\app\public\wp-content\plugins\escuela-deportiva-core\test-e2e-dashboard-logic.php on line 99
[30-Mar-2026 07:36:34 UTC] PHP Fatal error:  Uncaught Error: Call to undefined function wp_delete_user() in C:\Users\cuchi\Local Sites\deportpress\app\public\wp-content\plugins\escuela-deportiva-core\test-e2e-dashboard-logic.php:99
Stack trace:
#0 C:\Users\cuchi\Local Sites\deportpress\app\public\wp-content\mu-plugins\test-e2e-dashboard-router.php(4): include_once()
#1 C:\Users\cuchi\Local Sites\deportpress\app\public\wp-includes\class-wp-hook.php(341): {closure}('')
#2 C:\Users\cuchi\Local Sites\deportpress\app\public\wp-includes\class-wp-hook.php(365): WP_Hook->apply_filters(NULL, Array)
#3 C:\Users\cuchi\Local Sites\deportpress\app\public\wp-includes\plugin.php(522): WP_Hook->do_action(Array)
#4 C:\Users\cuchi\Local Sites\deportpress\app\public\wp-settings.php(764): do_action('wp_loaded')
#5 C:\Users\cuchi\Local Sites\deportpress\app\public\wp-config.php(128): require_once('C:\\Users\\cuchi\\...')
#6 C:\Users\cuchi\Local Sites\deportpress\app\public\wp-load.php(50): require_once('C:\\Users\\cuchi\\...')
#7 C:\Users\cuchi\Local Sites\deportpress\app\public\wp-blog-header.php(13): require_once('C:\\Users\\cuchi\\...')
#8 C:\Users\cuchi\Local Sites\deportpress\app\public\index.php(17): require('C:\\Users\\cuchi\\...')
#9 {main}
  thrown in C:\Users\cuchi\Local Sites\deportpress\app\public\wp-content\plugins\escuela-deportiva-core\test-e2e-dashboard-logic.php on line 99
[30-Mar-2026 08:59:09 UTC] ED Stripe Reconciliación Error: Stripe SDK no instal·lat. Executa composer install al plugin.
[31-Mar-2026 13:36:06 UTC] ED Stripe Reconciliación Error: Stripe SDK no instal·lat. Executa composer install al plugin.
[01-Apr-2026 08:09:29 UTC] Error de evento de reprogramación de cron para el gancho: action_scheduler_run_queue. Código de error: could_not_set. Mensaje de error: No se ha podido guardar la lista de eventos del cron.. Datos: {"schedule":"every_minute","args":["WP Cron"],"interval":60}
[01-Apr-2026 08:39:03 UTC] The wc_enqueue_js function is deprecated since version 10.4.0. Replace with wp_add_inline_script.
[01-Apr-2026 08:39:06 UTC] The wc_enqueue_js function is deprecated since version 10.4.0. Replace with wp_add_inline_script.
[01-Apr-2026 08:39:12 UTC] The wc_enqueue_js function is deprecated since version 10.4.0. Replace with wp_add_inline_script.
[01-Apr-2026 08:39:13 UTC] The wc_enqueue_js function is deprecated since version 10.4.0. Replace with wp_add_inline_script.
[01-Apr-2026 08:39:18 UTC] The wc_enqueue_js function is deprecated since version 10.4.0. Replace with wp_add_inline_script.
[01-Apr-2026 08:39:21 UTC] The wc_enqueue_js function is deprecated since version 10.4.0. Replace with wp_add_inline_script.
[01-Apr-2026 08:39:23 UTC] The wc_enqueue_js function is deprecated since version 10.4.0. Replace with wp_add_inline_script.
[01-Apr-2026 08:40:36 UTC] ED Stripe Reconciliación Error: Stripe SDK no instal·lat. Executa composer install al plugin.
[01-Apr-2026 08:40:56 UTC] The wc_enqueue_js function is deprecated since version 10.4.0. Replace with wp_add_inline_script.
[01-Apr-2026 08:40:59 UTC] The wc_enqueue_js function is deprecated since version 10.4.0. Replace with wp_add_inline_script.
[01-Apr-2026 08:41:01 UTC] The wc_enqueue_js function is deprecated since version 10.4.0. Replace with wp_add_inline_script.
[01-Apr-2026 08:41:04 UTC] The wc_enqueue_js function is deprecated since version 10.4.0. Replace with wp_add_inline_script.
[01-Apr-2026 08:41:06 UTC] The wc_enqueue_js function is deprecated since version 10.4.0. Replace with wp_add_inline_script.
[01-Apr-2026 08:41:10 UTC] The wc_enqueue_js function is deprecated since version 10.4.0. Replace with wp_add_inline_script.
[01-Apr-2026 08:41:12 UTC] The wc_enqueue_js function is deprecated since version 10.4.0. Replace with wp_add_inline_script.
[01-Apr-2026 08:41:15 UTC] The wc_enqueue_js function is deprecated since version 10.4.0. Replace with wp_add_inline_script.
[01-Apr-2026 08:41:20 UTC] The wc_enqueue_js function is deprecated since version 10.4.0. Replace with wp_add_inline_script.
[01-Apr-2026 08:41:47 UTC] The wc_enqueue_js function is deprecated since version 10.4.0. Replace with wp_add_inline_script.
[01-Apr-2026 08:41:54 UTC] The wc_enqueue_js function is deprecated since version 10.4.0. Replace with wp_add_inline_script.
[01-Apr-2026 08:41:58 UTC] The wc_enqueue_js function is deprecated since version 10.4.0. Replace with wp_add_inline_script.
[01-Apr-2026 08:42:16 UTC] The wc_enqueue_js function is deprecated since version 10.4.0. Replace with wp_add_inline_script.
[01-Apr-2026 08:43:53 UTC] The wc_enqueue_js function is deprecated since version 10.4.0. Replace with wp_add_inline_script.
[01-Apr-2026 08:45:11 UTC] The wc_enqueue_js function is deprecated since version 10.4.0. Replace with wp_add_inline_script.
[01-Apr-2026 08:45:14 UTC] The wc_enqueue_js function is deprecated since version 10.4.0. Replace with wp_add_inline_script.
[01-Apr-2026 08:50:26 UTC] The wc_enqueue_js function is deprecated since version 10.4.0. Replace with wp_add_inline_script.
[01-Apr-2026 08:50:29 UTC] The wc_enqueue_js function is deprecated since version 10.4.0. Replace with wp_add_inline_script.
[01-Apr-2026 08:50:30 UTC] The wc_enqueue_js function is deprecated since version 10.4.0. Replace with wp_add_inline_script.
[01-Apr-2026 08:51:08 UTC] The wc_enqueue_js function is deprecated since version 10.4.0. Replace with wp_add_inline_script.
[01-Apr-2026 08:51:10 UTC] The wc_enqueue_js function is deprecated since version 10.4.0. Replace with wp_add_inline_script.
[01-Apr-2026 08:51:20 UTC] The wc_enqueue_js function is deprecated since version 10.4.0. Replace with wp_add_inline_script.
[01-Apr-2026 08:51:21 UTC] The wc_enqueue_js function is deprecated since version 10.4.0. Replace with wp_add_inline_script.
[01-Apr-2026 08:56:33 UTC] The wc_enqueue_js function is deprecated since version 10.4.0. Replace with wp_add_inline_script.
[01-Apr-2026 08:56:35 UTC] The wc_enqueue_js function is deprecated since version 10.4.0. Replace with wp_add_inline_script.
[01-Apr-2026 08:56:37 UTC] The wc_enqueue_js function is deprecated since version 10.4.0. Replace with wp_add_inline_script.
[01-Apr-2026 08:56:39 UTC] The wc_enqueue_js function is deprecated since version 10.4.0. Replace with wp_add_inline_script.
[01-Apr-2026 08:56:40 UTC] The wc_enqueue_js function is deprecated since version 10.4.0. Replace with wp_add_inline_script.
[01-Apr-2026 08:56:59 UTC] The wc_enqueue_js function is deprecated since version 10.4.0. Replace with wp_add_inline_script.
[01-Apr-2026 08:57:01 UTC] The wc_enqueue_js function is deprecated since version 10.4.0. Replace with wp_add_inline_script.
[01-Apr-2026 11:05:59 UTC] The wc_enqueue_js function is deprecated since version 10.4.0. Replace with wp_add_inline_script.
[01-Apr-2026 11:06:02 UTC] The wc_enqueue_js function is deprecated since version 10.4.0. Replace with wp_add_inline_script.
[01-Apr-2026 11:08:11 UTC] The wc_enqueue_js function is deprecated since version 10.4.0. Replace with wp_add_inline_script.
[01-Apr-2026 11:08:18 UTC] The wc_enqueue_js function is deprecated since version 10.4.0. Replace with wp_add_inline_script.
[01-Apr-2026 11:13:50 UTC] The wc_enqueue_js function is deprecated since version 10.4.0. Replace with wp_add_inline_script.
[01-Apr-2026 11:13:56 UTC] The wc_enqueue_js function is deprecated since version 10.4.0. Replace with wp_add_inline_script.
